📋 日志文件: E:\OneDrive\DataBase\User_characteristics_repo\logs\pipeline_full_20260529_000505.log
🕐 开始时间: 2026-05-29 00:05:05


================================================================================
🚀 执行模式: FULL (全量重建)
================================================================================
   🗑️  已清除 fact/ 目录
   🗑️  已清除 snapshot/ 目录
   🗑️  已清除 lifecycle/ 目录
   🗑️  已清除 reports/ 目录


================================================================================
L1 Fact Layer - 客观事实层
================================================================================
🔋 电池电压映射表加载完成：99,504 条有效记录

📊 处理日期: 2026-04-23
   ✅ 加载完成：11,010,566 行数据
   ⚠️  数据不完整(2026-04-23): 时间跨度仅12.5h（要求≥20h）; 仅覆盖13/24个小时（要求≥20），跳过统计

📊 处理日期: 2026-04-24
   ✅ 加载完成：16,024,463 行数据
   ✅ 清洗完成：15,856,327 行有效数据
🗺️  执行GPS空间匹配...
🗺️  加载地理围栏数据...
✅ 三级围栏加载完成：省 42 个，市 388 个，区县 2898 个，耗时4.37s
   🗺️ 坐标降维：19447 个点 -> 17290 个唯一坐标
   🗺️ 正在执行空间匹配（降维后）...
   ✅ L1 保存: E:\OneDrive\DataBase\DataBase\用户行为习惯/用户特征画像\fact/daily\2026-04-24.parquet (19,450 个合约日记录)

📊 处理日期: 2026-04-25
   ✅ 加载完成：16,504,991 行数据
   ✅ 清洗完成：16,318,461 行有效数据
🗺️  执行GPS空间匹配...
   🗺️ 坐标降维：19395 个点 -> 17232 个唯一坐标
   🗺️ 正在执行空间匹配（降维后）...
   ✅ L1 保存: E:\OneDrive\DataBase\DataBase\用户行为习惯/用户特征画像\fact/daily\2026-04-25.parquet (19,398 个合约日记录)

📊 处理日期: 2026-04-26
   ✅ 加载完成：16,085,596 行数据
   ✅ 清洗完成：15,868,354 行有效数据
🗺️  执行GPS空间匹配...
   🗺️ 坐标降维：19263 个点 -> 17132 个唯一坐标
   🗺️ 正在执行空间匹配（降维后）...
   ✅ L1 保存: E:\OneDrive\DataBase\DataBase\用户行为习惯/用户特征画像\fact/daily\2026-04-26.parquet (19,266 个合约日记录)

📊 处理日期: 2026-04-27
   ✅ 加载完成：15,116,522 行数据
   ✅ 清洗完成：14,912,004 行有效数据
🗺️  执行GPS空间匹配...
   🗺️ 坐标降维：19104 个点 -> 17071 个唯一坐标
   🗺️ 正在执行空间匹配（降维后）...
   ✅ L1 保存: E:\OneDrive\DataBase\DataBase\用户行为习惯/用户特征画像\fact/daily\2026-04-27.parquet (19,110 个合约日记录)

📊 处理日期: 2026-04-28
   ✅ 加载完成：15,106,610 行数据
   ✅ 清洗完成：14,916,644 行有效数据
🗺️  执行GPS空间匹配...
   🗺️ 坐标降维：18941 个点 -> 16909 个唯一坐标
   🗺️ 正在执行空间匹配（降维后）...
   ✅ L1 保存: E:\OneDrive\DataBase\DataBase\用户行为习惯/用户特征画像\fact/daily\2026-04-28.parquet (18,944 个合约日记录)

📊 处理日期: 2026-04-29
   ✅ 加载完成：6,229,666 行数据
   ⚠️  数据不完整(2026-04-29): 时间跨度仅8.6h（要求≥20h）; 仅覆盖9/24个小时（要求≥20），跳过统计

📊 处理日期: 2026-04-30
   ✅ 加载完成：15,593,768 行数据
   ✅ 清洗完成：15,325,401 行有效数据
🗺️  执行GPS空间匹配...
   🗺️ 坐标降维：18753 个点 -> 16673 个唯一坐标
   🗺️ 正在执行空间匹配（降维后）...
   ✅ L1 保存: E:\OneDrive\DataBase\DataBase\用户行为习惯/用户特征画像\fact/daily\2026-04-30.parquet (18,764 个合约日记录)

📊 处理日期: 2026-05-01
   ✅ 加载完成：15,218,484 行数据
   ✅ 清洗完成：14,953,380 行有效数据
🗺️  执行GPS空间匹配...
   🗺️ 坐标降维：18556 个点 -> 16507 个唯一坐标
   🗺️ 正在执行空间匹配（降维后）...
   ✅ L1 保存: E:\OneDrive\DataBase\DataBase\用户行为习惯/用户特征画像\fact/daily\2026-05-01.parquet (18,563 个合约日记录)

📊 处理日期: 2026-05-02
   ✅ 加载完成：14,684,724 行数据
   ✅ 清洗完成：14,404,319 行有效数据
🗺️  执行GPS空间匹配...
   🗺️ 坐标降维：18295 个点 -> 16288 个唯一坐标
   🗺️ 正在执行空间匹配（降维后）...
   ✅ L1 保存: E:\OneDrive\DataBase\DataBase\用户行为习惯/用户特征画像\fact/daily\2026-05-02.parquet (18,298 个合约日记录)

📊 处理日期: 2026-05-03
   ✅ 加载完成：14,650,566 行数据
   ✅ 清洗完成：14,366,193 行有效数据
🗺️  执行GPS空间匹配...
   🗺️ 坐标降维：18184 个点 -> 16191 个唯一坐标
   🗺️ 正在执行空间匹配（降维后）...
   ✅ L1 保存: E:\OneDrive\DataBase\DataBase\用户行为习惯/用户特征画像\fact/daily\2026-05-03.parquet (18,194 个合约日记录)

📊 处理日期: 2026-05-04
   ✅ 加载完成：14,904,948 行数据
   ✅ 清洗完成：14,612,590 行有效数据
🗺️  执行GPS空间匹配...
   🗺️ 坐标降维：18184 个点 -> 16239 个唯一坐标
   🗺️ 正在执行空间匹配（降维后）...
   ✅ L1 保存: E:\OneDrive\DataBase\DataBase\用户行为习惯/用户特征画像\fact/daily\2026-05-04.parquet (18,190 个合约日记录)

📊 处理日期: 2026-05-05
   ✅ 加载完成：15,490,688 行数据
   ✅ 清洗完成：15,174,585 行有效数据
🗺️  执行GPS空间匹配...
   🗺️ 坐标降维：18251 个点 -> 16217 个唯一坐标
   🗺️ 正在执行空间匹配（降维后）...
   ✅ L1 保存: E:\OneDrive\DataBase\DataBase\用户行为习惯/用户特征画像\fact/daily\2026-05-05.parquet (18,262 个合约日记录)

📊 处理日期: 2026-05-06
   ✅ 加载完成：14,671,251 行数据
   ✅ 清洗完成：14,363,784 行有效数据
🗺️  执行GPS空间匹配...
   🗺️ 坐标降维：18317 个点 -> 16388 个唯一坐标
   🗺️ 正在执行空间匹配（降维后）...
   ✅ L1 保存: E:\OneDrive\DataBase\DataBase\用户行为习惯/用户特征画像\fact/daily\2026-05-06.parquet (18,322 个合约日记录)

📊 处理日期: 2026-05-07
   ✅ 加载完成：14,754,470 行数据
   ✅ 清洗完成：14,420,606 行有效数据
🗺️  执行GPS空间匹配...
   🗺️ 坐标降维：18333 个点 -> 16399 个唯一坐标
   🗺️ 正在执行空间匹配（降维后）...
   ✅ L1 保存: E:\OneDrive\DataBase\DataBase\用户行为习惯/用户特征画像\fact/daily\2026-05-07.parquet (18,340 个合约日记录)

📊 处理日期: 2026-05-08
   ✅ 加载完成：15,487,727 行数据
   ✅ 清洗完成：15,054,365 行有效数据
🗺️  执行GPS空间匹配...
   🗺️ 坐标降维：18320 个点 -> 16367 个唯一坐标
   🗺️ 正在执行空间匹配（降维后）...
   ✅ L1 保存: E:\OneDrive\DataBase\DataBase\用户行为习惯/用户特征画像\fact/daily\2026-05-08.parquet (18,322 个合约日记录)

📊 处理日期: 2026-05-09
   ✅ 加载完成：11,733,669 行数据
   ✅ 清洗完成：11,366,488 行有效数据
🗺️  执行GPS空间匹配...
   🗺️ 坐标降维：18338 个点 -> 16457 个唯一坐标
   🗺️ 正在执行空间匹配（降维后）...
   ✅ L1 保存: E:\OneDrive\DataBase\DataBase\用户行为习惯/用户特征画像\fact/daily\2026-05-09.parquet (18,348 个合约日记录)

📊 处理日期: 2026-05-10
   ✅ 加载完成：16,533,927 行数据
   ✅ 清洗完成：15,978,239 行有效数据
🗺️  执行GPS空间匹配...
   🗺️ 坐标降维：18408 个点 -> 16330 个唯一坐标
   🗺️ 正在执行空间匹配（降维后）...
   ✅ L1 保存: E:\OneDrive\DataBase\DataBase\用户行为习惯/用户特征画像\fact/daily\2026-05-10.parquet (18,420 个合约日记录)

📊 处理日期: 2026-05-11
   ✅ 加载完成：14,897,889 行数据
   ✅ 清洗完成：14,366,763 行有效数据
🗺️  执行GPS空间匹配...
   🗺️ 坐标降维：18396 个点 -> 16425 个唯一坐标
   🗺️ 正在执行空间匹配（降维后）...
   ✅ L1 保存: E:\OneDrive\DataBase\DataBase\用户行为习惯/用户特征画像\fact/daily\2026-05-11.parquet (18,402 个合约日记录)

📊 处理日期: 2026-05-12
   ✅ 加载完成：11,215,638 行数据
   ⚠️  数据不完整(2026-05-12): 时间跨度仅18.9h（要求≥20h）; 仅覆盖19/24个小时（要求≥20），跳过统计

📊 处理日期: 2026-05-15
   ✅ 加载完成：5,053,093 行数据
   ⚠️  数据不完整(2026-05-15): 时间跨度仅6.0h（要求≥20h）; 仅覆盖7/24个小时（要求≥20），跳过统计

📊 处理日期: 2026-05-16
   ✅ 加载完成：15,893,660 行数据
   ✅ 清洗完成：15,211,509 行有效数据
🗺️  执行GPS空间匹配...
   🗺️ 坐标降维：18420 个点 -> 16334 个唯一坐标
   🗺️ 正在执行空间匹配（降维后）...
   ✅ L1 保存: E:\OneDrive\DataBase\DataBase\用户行为习惯/用户特征画像\fact/daily\2026-05-16.parquet (18,433 个合约日记录)

📊 处理日期: 2026-05-17
   ✅ 加载完成：15,723,375 行数据
   ✅ 清洗完成：15,037,152 行有效数据
🗺️  执行GPS空间匹配...
   🗺️ 坐标降维：18393 个点 -> 16341 个唯一坐标
   🗺️ 正在执行空间匹配（降维后）...
   ✅ L1 保存: E:\OneDrive\DataBase\DataBase\用户行为习惯/用户特征画像\fact/daily\2026-05-17.parquet (18,403 个合约日记录)

📊 处理日期: 2026-05-18
   ✅ 加载完成：14,942,368 行数据
   ✅ 清洗完成：14,281,121 行有效数据
🗺️  执行GPS空间匹配...
   🗺️ 坐标降维：18406 个点 -> 16485 个唯一坐标
   🗺️ 正在执行空间匹配（降维后）...
   ✅ L1 保存: E:\OneDrive\DataBase\DataBase\用户行为习惯/用户特征画像\fact/daily\2026-05-18.parquet (18,415 个合约日记录)

📊 处理日期: 2026-05-19
   ✅ 加载完成：15,326,704 行数据
   ✅ 清洗完成：14,610,422 行有效数据
🗺️  执行GPS空间匹配...
   🗺️ 坐标降维：18416 个点 -> 16412 个唯一坐标
   🗺️ 正在执行空间匹配（降维后）...
   ✅ L1 保存: E:\OneDrive\DataBase\DataBase\用户行为习惯/用户特征画像\fact/daily\2026-05-19.parquet (18,434 个合约日记录)

📊 处理日期: 2026-05-20
   ✅ 加载完成：3,444,058 行数据
   ⚠️  数据不完整(2026-05-20): 时间跨度仅4.9h（要求≥20h）; 仅覆盖5/24个小时（要求≥20），跳过统计

📊 处理日期: 2026-05-21
   ✅ 加载完成：15,089,643 行数据
   ✅ 清洗完成：14,337,447 行有效数据
🗺️  执行GPS空间匹配...
   🗺️ 坐标降维：18443 个点 -> 16542 个唯一坐标
   🗺️ 正在执行空间匹配（降维后）...
   ✅ L1 保存: E:\OneDrive\DataBase\DataBase\用户行为习惯/用户特征画像\fact/daily\2026-05-21.parquet (18,476 个合约日记录)

📊 处理日期: 2026-05-22
   ✅ 加载完成：15,731,078 行数据
   🌡️  温度数据已替换为 25°C（2026-05-22 原始数据异常）
   ✅ 清洗完成：15,566,613 行有效数据
🗺️  执行GPS空间匹配...
   🗺️ 坐标降维：18923 个点 -> 16872 个唯一坐标
   🗺️ 正在执行空间匹配（降维后）...
   ✅ L1 保存: E:\OneDrive\DataBase\DataBase\用户行为习惯/用户特征画像\fact/daily\2026-05-22.parquet (18,926 个合约日记录)

📊 处理日期: 2026-05-23
   ✅ 加载完成：16,232,259 行数据
   🌡️  温度数据已替换为 25°C（2026-05-23 原始数据异常）
   ✅ 清洗完成：16,061,893 行有效数据
🗺️  执行GPS空间匹配...
   🗺️ 坐标降维：18911 个点 -> 16844 个唯一坐标
   🗺️ 正在执行空间匹配（降维后）...
   ✅ L1 保存: E:\OneDrive\DataBase\DataBase\用户行为习惯/用户特征画像\fact/daily\2026-05-23.parquet (18,915 个合约日记录)

📊 处理日期: 2026-05-24
   ✅ 加载完成：15,866,205 行数据
   🌡️  温度数据已替换为 25°C（2026-05-24 原始数据异常）
   ✅ 清洗完成：15,711,821 行有效数据
🗺️  执行GPS空间匹配...
   🗺️ 坐标降维：18931 个点 -> 16828 个唯一坐标
   🗺️ 正在执行空间匹配（降维后）...
   ✅ L1 保存: E:\OneDrive\DataBase\DataBase\用户行为习惯/用户特征画像\fact/daily\2026-05-24.parquet (18,936 个合约日记录)

📊 处理日期: 2026-05-25
   ✅ 加载完成：15,433,312 行数据
   🌡️  温度数据已替换为 25°C（2026-05-25 原始数据异常）
   ✅ 清洗完成：15,262,557 行有效数据
🗺️  执行GPS空间匹配...
   🗺️ 坐标降维：18979 个点 -> 16966 个唯一坐标
   🗺️ 正在执行空间匹配（降维后）...
   ✅ L1 保存: E:\OneDrive\DataBase\DataBase\用户行为习惯/用户特征画像\fact/daily\2026-05-25.parquet (18,983 个合约日记录)

📊 处理日期: 2026-05-26
   ✅ 加载完成：13,998,347 行数据
   🌡️  温度数据已替换为 25°C（2026-05-26 原始数据异常）
   ✅ 清洗完成：13,846,209 行有效数据
🗺️  执行GPS空间匹配...
   🗺️ 坐标降维：18971 个点 -> 17028 个唯一坐标
   🗺️ 正在执行空间匹配（降维后）...
   ✅ L1 保存: E:\OneDrive\DataBase\DataBase\用户行为习惯/用户特征画像\fact/daily\2026-05-26.parquet (18,973 个合约日记录)

📊 处理日期: 2026-05-27
   ✅ 加载完成：15,381,388 行数据
   ✅ 清洗完成：15,216,066 行有效数据
🗺️  执行GPS空间匹配...
   🗺️ 坐标降维：18996 个点 -> 17003 个唯一坐标
   🗺️ 正在执行空间匹配（降维后）...
   ✅ L1 保存: E:\OneDrive\DataBase\DataBase\用户行为习惯/用户特征画像\fact/daily\2026-05-27.parquet (18,998 个合约日记录)

📊 处理日期: 2026-05-28
   ✅ 加载完成：15,462,293 行数据
   ✅ 清洗完成：15,293,467 行有效数据
🗺️  执行GPS空间匹配...
   🗺️ 坐标降维：19009 个点 -> 16978 个唯一坐标
   🗺️ 正在执行空间匹配（降维后）...
   ✅ L1 保存: E:\OneDrive\DataBase\DataBase\用户行为习惯/用户特征画像\fact/daily\2026-05-28.parquet (19,012 个合约日记录)
   📋 跳过日期日志已更新: E:\OneDrive\DataBase\DataBase\用户行为习惯/用户特征画像\fact/daily\skipped_dates.json (5 个日期)

✅ L1 Fact Layer 完成，处理 29 个日期（新增 29 个，跳过 5 个）

================================================================================
L2 Snapshot Layer - 用户日级快照层
================================================================================

📊 处理日期: 2026-04-24

📊 处理日期: 2026-04-25

📊 处理日期: 2026-04-26

📊 处理日期: 2026-04-27

📊 处理日期: 2026-04-28

📊 处理日期: 2026-04-30

📊 处理日期: 2026-05-01

📊 处理日期: 2026-05-02

📊 处理日期: 2026-05-03

📊 处理日期: 2026-05-04

📊 处理日期: 2026-05-05

📊 处理日期: 2026-05-06

📊 处理日期: 2026-05-07

📊 处理日期: 2026-05-08

📊 处理日期: 2026-05-09

📊 处理日期: 2026-05-10

📊 处理日期: 2026-05-11

📊 处理日期: 2026-05-16

📊 处理日期: 2026-05-17

📊 处理日期: 2026-05-18

📊 处理日期: 2026-05-19

📊 处理日期: 2026-05-21

📊 处理日期: 2026-05-22

📊 处理日期: 2026-05-23

📊 处理日期: 2026-05-24

📊 处理日期: 2026-05-25

📊 处理日期: 2026-05-26

📊 处理日期: 2026-05-27

📊 处理日期: 2026-05-28
✅ L2 保存: E:\OneDrive\DataBase\DataBase\用户行为习惯/用户特征画像\snapshot/user_daily.parquet (540414 用户日记录)

================================================================================
L3 Lifecycle Layer - 用户生命周期层
================================================================================

[1/6] 加载快照数据...
   加载完成：540,414 条记录

[2/6] 计算7天滚动指标...
计算7天滚动指标...
   完成：25,470 个用户

[3/6] 计算月度用电预估...
   ✅ 月度出勤预估明细已保存: E:\OneDrive\DataBase\DataBase\用户行为习惯/用户特征画像\lifecycle\user_monthly_attendance_detail.csv (25,470 用户)

[3.5/6] 加载合约信息...
📂 正在加载用户合约信息表...
✅ 用户合约信息表加载完成：共 179435 个用户
   ✅ 合约信息注入完成

[4/6] 动态阈值计算与用户评分...
[DynamicThresholds] [CHANGED] Data fingerprint changed or baseline expired, recomputing thresholds
   Data source changed, rebuilding baseline
   Baseline expired (39d > 30d)
[DynamicThresholds] [CALC] Computing quantiles from data...

[Distribution Shift Detection Report]
  [OK] No significant shift detected
[DynamicThresholds] [DEBUG] EMA配置状态 - use_ema: True
[DynamicThresholds] [DEBUG] 分布漂移检测结果 - has_shift: False
[DynamicThresholds] [EMA] ℹ️ 未检测到分布漂移，保持当前基准线不变
   评分分类完成

[4.5/6] 计算完全体画像衍生指标...

[5/6] 生命周期状态判定...

[5.5/6] 生成完全体画像文本...

[6/6] 保存结果...
   L3 保存: E:\OneDrive\DataBase\DataBase\用户行为习惯/用户特征画像\lifecycle/user_7d.parquet (25,470 用户)

================================================================================
L4 Report Layer - 报告输出层
================================================================================

[1/1] 加载生命周期数据...
   ✅ 加载完成：25,470 个用户

生成报告文件...
   ✅ 用户明细: E:\OneDrive\DataBase\DataBase\用户行为习惯/用户特征画像\reports\user_detail.csv
   ✅ 用户7天滚动全量数据: E:\OneDrive\DataBase\DataBase\用户行为习惯/用户特征画像\reports\user_7d_full.csv (25,470 用户, 109 字段)
   ✅ 等级分布: E:\OneDrive\DataBase\DataBase\用户行为习惯/用户特征画像\reports\level_distribution.csv
   ✅ 风险告警: E:\OneDrive\DataBase\DataBase\用户行为习惯/用户特征画像\reports\risk_alerts.csv (8681 用户)
   ✅ 月度出勤预估明细: E:\OneDrive\DataBase\DataBase\用户行为习惯/用户特征画像\reports\user_monthly_attendance_detail.csv (25,470 用户)
   ✅ 漂移报告: E:\OneDrive\DataBase\DataBase\用户行为习惯/用户特征画像\reports\shift_report.json
   ✅ 文本摘要: E:\OneDrive\DataBase\DataBase\用户行为习惯/用户特征画像\reports\summary.txt

✅ L4 Report Layer 完成，报告目录: E:\OneDrive\DataBase\DataBase\用户行为习惯/用户特征画像\reports

⏱️  全量流水线完成，总耗时: 49134.31 秒

✅ 流水线执行成功
🕐 结束时间: 2026-05-29 13:43:59
📋 日志已保存: E:\OneDrive\DataBase\User_characteristics_repo\logs\pipeline_full_20260529_000505.log
