📋 日志文件: e:\OneDrive\DataBase\User_characteristics_repo\logs\pipeline_incremental_20260601_090341.log
🕐 开始时间: 2026-06-01 09:03:41


================================================================================
🚀 执行模式: INCREMENTAL (增量处理)
================================================================================

================================================================================
L1 Fact Layer - 客观事实层
================================================================================
🔋 电池电压映射表加载完成：99,504 条有效记录

📊 处理日期: 2026-04-23
   ✅ 加载完成：11,010,566 行数据
   ⚠️  数据不完整(2026-04-23): 时间跨度仅12.5h（要求≥20h）; 仅覆盖13/24个小时（要求≥20），跳过统计
⏭️  L1 已存在，跳过: E:\OneDrive\DataBase\DataBase\用户行为习惯/用户特征画像\fact/daily\2026-04-24.parquet
⏭️  L1 已存在，跳过: E:\OneDrive\DataBase\DataBase\用户行为习惯/用户特征画像\fact/daily\2026-04-25.parquet
⏭️  L1 已存在，跳过: E:\OneDrive\DataBase\DataBase\用户行为习惯/用户特征画像\fact/daily\2026-04-26.parquet
⏭️  L1 已存在，跳过: E:\OneDrive\DataBase\DataBase\用户行为习惯/用户特征画像\fact/daily\2026-04-27.parquet
⏭️  L1 已存在，跳过: E:\OneDrive\DataBase\DataBase\用户行为习惯/用户特征画像\fact/daily\2026-04-28.parquet

📊 处理日期: 2026-04-29
   ✅ 加载完成：6,229,666 行数据
   ⚠️  数据不完整(2026-04-29): 时间跨度仅8.6h（要求≥20h）; 仅覆盖9/24个小时（要求≥20），跳过统计
⏭️  L1 已存在，跳过: E:\OneDrive\DataBase\DataBase\用户行为习惯/用户特征画像\fact/daily\2026-04-30.parquet
⏭️  L1 已存在，跳过: E:\OneDrive\DataBase\DataBase\用户行为习惯/用户特征画像\fact/daily\2026-05-01.parquet
⏭️  L1 已存在，跳过: E:\OneDrive\DataBase\DataBase\用户行为习惯/用户特征画像\fact/daily\2026-05-02.parquet
⏭️  L1 已存在，跳过: E:\OneDrive\DataBase\DataBase\用户行为习惯/用户特征画像\fact/daily\2026-05-03.parquet
⏭️  L1 已存在，跳过: E:\OneDrive\DataBase\DataBase\用户行为习惯/用户特征画像\fact/daily\2026-05-04.parquet

📊 处理日期: 2026-05-05
   ✅ 加载完成：15,490,688 行数据
   ✅ 清洗完成：15,174,585 行有效数据
🗺️  执行GPS空间匹配...
🗺️  加载地理围栏数据...
✅ 三级围栏加载完成：省 42 个，市 388 个，区县 2898 个，耗时4.43s
   🗺️ 坐标降维：18251 个点 -> 16217 个唯一坐标
   🗺️ 正在执行空间匹配（降维后）...
   ✅ L1 保存: E:\OneDrive\DataBase\DataBase\用户行为习惯/用户特征画像\fact/daily\2026-05-05.parquet (18,262 个合约日记录)

📊 处理日期: 2026-05-06
   ✅ 加载完成：14,671,251 行数据
   ✅ 清洗完成：14,363,784 行有效数据
🗺️  执行GPS空间匹配...
   🗺️ 坐标降维：18317 个点 -> 16388 个唯一坐标
   🗺️ 正在执行空间匹配（降维后）...
   ✅ L1 保存: E:\OneDrive\DataBase\DataBase\用户行为习惯/用户特征画像\fact/daily\2026-05-06.parquet (18,322 个合约日记录)

📊 处理日期: 2026-05-07
   ✅ 加载完成：14,754,470 行数据
   ✅ 清洗完成：14,420,606 行有效数据
🗺️  执行GPS空间匹配...
   🗺️ 坐标降维：18333 个点 -> 16399 个唯一坐标
   🗺️ 正在执行空间匹配（降维后）...
   ✅ L1 保存: E:\OneDrive\DataBase\DataBase\用户行为习惯/用户特征画像\fact/daily\2026-05-07.parquet (18,340 个合约日记录)

📊 处理日期: 2026-05-08
   ✅ 加载完成：15,487,727 行数据
   ✅ 清洗完成：15,054,365 行有效数据
🗺️  执行GPS空间匹配...
   🗺️ 坐标降维：18320 个点 -> 16367 个唯一坐标
   🗺️ 正在执行空间匹配（降维后）...
   ✅ L1 保存: E:\OneDrive\DataBase\DataBase\用户行为习惯/用户特征画像\fact/daily\2026-05-08.parquet (18,322 个合约日记录)

📊 处理日期: 2026-05-09
   ✅ 加载完成：11,733,669 行数据
   ✅ 清洗完成：11,366,488 行有效数据
🗺️  执行GPS空间匹配...
   🗺️ 坐标降维：18338 个点 -> 16457 个唯一坐标
   🗺️ 正在执行空间匹配（降维后）...
   ✅ L1 保存: E:\OneDrive\DataBase\DataBase\用户行为习惯/用户特征画像\fact/daily\2026-05-09.parquet (18,348 个合约日记录)

📊 处理日期: 2026-05-10
   ✅ 加载完成：16,533,927 行数据
   ✅ 清洗完成：15,978,239 行有效数据
🗺️  执行GPS空间匹配...
   🗺️ 坐标降维：18408 个点 -> 16330 个唯一坐标
   🗺️ 正在执行空间匹配（降维后）...
   ✅ L1 保存: E:\OneDrive\DataBase\DataBase\用户行为习惯/用户特征画像\fact/daily\2026-05-10.parquet (18,420 个合约日记录)

📊 处理日期: 2026-05-11
   ✅ 加载完成：14,897,889 行数据
   ✅ 清洗完成：14,366,763 行有效数据
🗺️  执行GPS空间匹配...
   🗺️ 坐标降维：18396 个点 -> 16425 个唯一坐标
   🗺️ 正在执行空间匹配（降维后）...
   ✅ L1 保存: E:\OneDrive\DataBase\DataBase\用户行为习惯/用户特征画像\fact/daily\2026-05-11.parquet (18,402 个合约日记录)

📊 处理日期: 2026-05-12
   ✅ 加载完成：11,215,638 行数据
   ⚠️  数据不完整(2026-05-12): 时间跨度仅18.9h（要求≥20h）; 仅覆盖19/24个小时（要求≥20），跳过统计

📊 处理日期: 2026-05-15
   ✅ 加载完成：5,053,093 行数据
   ⚠️  数据不完整(2026-05-15): 时间跨度仅6.0h（要求≥20h）; 仅覆盖7/24个小时（要求≥20），跳过统计

📊 处理日期: 2026-05-16
   ✅ 加载完成：15,893,660 行数据
   ✅ 清洗完成：15,211,509 行有效数据
🗺️  执行GPS空间匹配...
   🗺️ 坐标降维：18420 个点 -> 16334 个唯一坐标
   🗺️ 正在执行空间匹配（降维后）...
   ✅ L1 保存: E:\OneDrive\DataBase\DataBase\用户行为习惯/用户特征画像\fact/daily\2026-05-16.parquet (18,433 个合约日记录)

📊 处理日期: 2026-05-17
   ✅ 加载完成：15,723,375 行数据
   ✅ 清洗完成：15,037,152 行有效数据
🗺️  执行GPS空间匹配...
   🗺️ 坐标降维：18393 个点 -> 16341 个唯一坐标
   🗺️ 正在执行空间匹配（降维后）...
   ✅ L1 保存: E:\OneDrive\DataBase\DataBase\用户行为习惯/用户特征画像\fact/daily\2026-05-17.parquet (18,403 个合约日记录)

📊 处理日期: 2026-05-18
   ✅ 加载完成：14,942,368 行数据
   ✅ 清洗完成：14,281,121 行有效数据
🗺️  执行GPS空间匹配...
   🗺️ 坐标降维：18406 个点 -> 16485 个唯一坐标
   🗺️ 正在执行空间匹配（降维后）...
   ✅ L1 保存: E:\OneDrive\DataBase\DataBase\用户行为习惯/用户特征画像\fact/daily\2026-05-18.parquet (18,415 个合约日记录)

📊 处理日期: 2026-05-19
   ✅ 加载完成：15,326,704 行数据
   ✅ 清洗完成：14,610,422 行有效数据
🗺️  执行GPS空间匹配...
   🗺️ 坐标降维：18416 个点 -> 16412 个唯一坐标
   🗺️ 正在执行空间匹配（降维后）...
   ✅ L1 保存: E:\OneDrive\DataBase\DataBase\用户行为习惯/用户特征画像\fact/daily\2026-05-19.parquet (18,434 个合约日记录)

📊 处理日期: 2026-05-20
   ✅ 加载完成：3,444,058 行数据
   ⚠️  数据不完整(2026-05-20): 时间跨度仅4.9h（要求≥20h）; 仅覆盖5/24个小时（要求≥20），跳过统计

📊 处理日期: 2026-05-21
   ✅ 加载完成：15,089,643 行数据
   ✅ 清洗完成：14,337,447 行有效数据
🗺️  执行GPS空间匹配...
   🗺️ 坐标降维：18443 个点 -> 16542 个唯一坐标
   🗺️ 正在执行空间匹配（降维后）...
   ✅ L1 保存: E:\OneDrive\DataBase\DataBase\用户行为习惯/用户特征画像\fact/daily\2026-05-21.parquet (18,476 个合约日记录)

📊 处理日期: 2026-05-22
   ✅ 加载完成：15,731,078 行数据
   🌡️  温度数据已替换为 25°C（2026-05-22 原始数据异常）
   ✅ 清洗完成：15,566,613 行有效数据
🗺️  执行GPS空间匹配...
   🗺️ 坐标降维：18923 个点 -> 16872 个唯一坐标
   🗺️ 正在执行空间匹配（降维后）...
   ✅ L1 保存: E:\OneDrive\DataBase\DataBase\用户行为习惯/用户特征画像\fact/daily\2026-05-22.parquet (18,926 个合约日记录)

📊 处理日期: 2026-05-23
   ✅ 加载完成：16,232,259 行数据
   🌡️  温度数据已替换为 25°C（2026-05-23 原始数据异常）
   ✅ 清洗完成：16,061,893 行有效数据
🕐 结束时间: 2026-06-01 15:12:45