📋 日志文件: E:\OneDrive\DataBase\User_characteristics_repo\logs\pipeline_incremental_20260927_033008.log
🕐 开始时间: 2026-09-27 03:30:08


================================================================================
🚀 执行模式: INCREMENTAL (增量处理)
================================================================================

================================================================================
L1 Fact Layer - 客观事实层
================================================================================
🔋 电池电压映射表加载完成：99,504 条有效记录
⏭️  L1 已存在，跳过: E:\OneDrive\DataBase\DataBase\用户行为习惯/用户特征画像\fact/daily\2026-09-02.parquet
⏭️  L1 已存在，跳过: E:\OneDrive\DataBase\DataBase\用户行为习惯/用户特征画像\fact/daily\2026-09-03.parquet
⏭️  L1 已存在，跳过: E:\OneDrive\DataBase\DataBase\用户行为习惯/用户特征画像\fact/daily\2026-09-04.parquet
⏭️  L1 已存在，跳过: E:\OneDrive\DataBase\DataBase\用户行为习惯/用户特征画像\fact/daily\2026-09-05.parquet
⏭️  L1 已存在，跳过: E:\OneDrive\DataBase\DataBase\用户行为习惯/用户特征画像\fact/daily\2026-09-06.parquet
⏭️  L1 已存在，跳过: E:\OneDrive\DataBase\DataBase\用户行为习惯/用户特征画像\fact/daily\2026-09-07.parquet
⏭️  L1 已存在，跳过: E:\OneDrive\DataBase\DataBase\用户行为习惯/用户特征画像\fact/daily\2026-09-08.parquet
⏭️  L1 已存在，跳过: E:\OneDrive\DataBase\DataBase\用户行为习惯/用户特征画像\fact/daily\2026-09-09.parquet
⏭️  L1 已存在，跳过: E:\OneDrive\DataBase\DataBase\用户行为习惯/用户特征画像\fact/daily\2026-09-10.parquet
⏭️  L1 已存在，跳过: E:\OneDrive\DataBase\DataBase\用户行为习惯/用户特征画像\fact/daily\2026-09-11.parquet
⏭️  L1 已存在，跳过: E:\OneDrive\DataBase\DataBase\用户行为习惯/用户特征画像\fact/daily\2026-09-12.parquet
⏭️  L1 已存在，跳过: E:\OneDrive\DataBase\DataBase\用户行为习惯/用户特征画像\fact/daily\2026-09-13.parquet
⏭️  L1 已存在，跳过: E:\OneDrive\DataBase\DataBase\用户行为习惯/用户特征画像\fact/daily\2026-09-14.parquet
⏭️  L1 已存在，跳过: E:\OneDrive\DataBase\DataBase\用户行为习惯/用户特征画像\fact/daily\2026-09-15.parquet
⏭️  L1 已存在，跳过: E:\OneDrive\DataBase\DataBase\用户行为习惯/用户特征画像\fact/daily\2026-09-16.parquet
⏭️  L1 已存在，跳过: E:\OneDrive\DataBase\DataBase\用户行为习惯/用户特征画像\fact/daily\2026-09-17.parquet
⏭️  L1 已存在，跳过: E:\OneDrive\DataBase\DataBase\用户行为习惯/用户特征画像\fact/daily\2026-09-18.parquet
⏭️  L1 已存在，跳过: E:\OneDrive\DataBase\DataBase\用户行为习惯/用户特征画像\fact/daily\2026-09-19.parquet
⏭️  L1 已存在，跳过: E:\OneDrive\DataBase\DataBase\用户行为习惯/用户特征画像\fact/daily\2026-09-20.parquet

📊 处理日期: 2026-09-21
   ✅ 加载完成：5,458,137 行数据
   ⚠️  数据不完整(2026-09-21): 时间跨度仅7.1h（要求≥20h）; 仅覆盖8/24个小时（要求≥20），跳过统计
⏭️  L1 已存在，跳过: E:\OneDrive\DataBase\DataBase\用户行为习惯/用户特征画像\fact/daily\2026-09-22.parquet
⏭️  L1 已存在，跳过: E:\OneDrive\DataBase\DataBase\用户行为习惯/用户特征画像\fact/daily\2026-09-23.parquet

📊 处理日期: 2026-09-24
   ✅ 加载完成：12,243,974 行数据
   ⚠️  数据不完整(2026-09-24): 时间跨度仅15.7h（要求≥20h）; 仅覆盖16/24个小时（要求≥20），跳过统计

📊 处理日期: 2026-09-25
   ✅ 加载完成：11,998,966 行数据
   ⚠️  数据不完整(2026-09-25): 时间跨度仅15.6h（要求≥20h）; 仅覆盖16/24个小时（要求≥20），跳过统计

📊 处理日期: 2026-09-26
   ✅ 加载完成：14,232,771 行数据
   ✅ 清洗完成：14,048,326 行有效数据
🗺️  执行GPS空间匹配...
🗺️  加载地理围栏数据...
✅ 三级围栏加载完成：省 42 个，市 388 个，区县 2898 个，耗时4.50s
   🗺️ 坐标降维：17355 个点 -> 15704 个唯一坐标
   🗺️ 正在执行空间匹配（降维后）...
   ✅ L1 保存: E:\OneDrive\DataBase\DataBase\用户行为习惯/用户特征画像\fact/daily\2026-09-26.parquet (17,355 个合约日记录)
   📋 跳过日期日志已更新: E:\OneDrive\DataBase\DataBase\用户行为习惯/用户特征画像\fact/daily\skipped_dates.json (3 个日期)

✅ L1 Fact Layer 完成，处理 22 个日期（新增 1 个，跳过 3 个）

   📋 新增日期: ['2026-09-26']

================================================================================
L2 Snapshot Layer - 用户日级快照层
================================================================================

📊 处理日期: 2026-09-26
✅ L2 保存: E:\OneDrive\DataBase\DataBase\用户行为习惯/用户特征画像\snapshot/user_daily.parquet (17325 用户日记录)

================================================================================
L3 Lifecycle Layer - 用户生命周期层
================================================================================

[1/6] 加载快照数据...
   加载完成：296,039 条记录

[2/6] 计算7天滚动指标...
计算7天滚动指标...
   完成：21,505 个用户

[3/6] 计算月度用电预估...
   ✅ 月度出勤预估明细已保存: E:\OneDrive\DataBase\DataBase\用户行为习惯/用户特征画像\lifecycle\user_monthly_attendance_detail.csv (21,505 用户)

[3.5/6] 加载合约信息...
📂 正在加载用户合约信息表...
✅ 用户合约信息表加载完成：共 193038 个用户
   ✅ 合约信息注入完成

[4/6] 动态阈值计算与用户评分...
[DynamicThresholds] [CHANGED] Data fingerprint changed or baseline expired, recomputing thresholds
   Data source changed, rebuilding baseline
   Baseline expired (159d > 30d)
[DynamicThresholds] [CALC] Computing quantiles from data...

[Distribution Shift Detection Report]
  [OK] No significant shift detected
[DynamicThresholds] [DEBUG] EMA配置状态 - use_ema: True
[DynamicThresholds] [DEBUG] 分布漂移检测结果 - has_shift: False
[DynamicThresholds] [EMA] ℹ️ 未检测到分布漂移，保持当前基准线不变
   评分分类完成

[4.5/6] 计算完全体画像衍生指标...

[5/6] 生命周期状态判定...

[5.5/6] 生成完全体画像文本...

[6/6] 保存结果...
   L3 保存: E:\OneDrive\DataBase\DataBase\用户行为习惯/用户特征画像\lifecycle/user_7d.parquet (21,505 用户)

================================================================================
L4 Report Layer - 报告输出层
================================================================================

[1/1] 加载生命周期数据...
   ✅ 加载完成：21,505 个用户

生成报告文件...
   ✅ 用户明细: E:\OneDrive\DataBase\DataBase\用户行为习惯/用户特征画像\reports\user_detail.csv
   ✅ 用户7天滚动全量数据: E:\OneDrive\DataBase\DataBase\用户行为习惯/用户特征画像\reports\user_7d_full.csv (21,505 用户, 109 字段)
   ✅ 等级分布: E:\OneDrive\DataBase\DataBase\用户行为习惯/用户特征画像\reports\level_distribution.csv
   ✅ 风险告警: E:\OneDrive\DataBase\DataBase\用户行为习惯/用户特征画像\reports\risk_alerts.csv (7335 用户)
   ✅ 月度出勤预估明细: E:\OneDrive\DataBase\DataBase\用户行为习惯/用户特征画像\reports\user_monthly_attendance_detail.csv (21,505 用户)
   ✅ 漂移报告: E:\OneDrive\DataBase\DataBase\用户行为习惯/用户特征画像\reports\shift_report.json
   ✅ 文本摘要: E:\OneDrive\DataBase\DataBase\用户行为习惯/用户特征画像\reports\summary.txt

✅ L4 Report Layer 完成，报告目录: E:\OneDrive\DataBase\DataBase\用户行为习惯/用户特征画像\reports

⏱️  增量流水线完成，总耗时: 2753.16 秒

✅ 流水线执行成功
🕐 结束时间: 2026-09-27 04:16:01
📋 日志已保存: E:\OneDrive\DataBase\User_characteristics_repo\logs\pipeline_incremental_20260927_033008.log
