📋 日志文件: e:\OneDrive\DataBase\User_characteristics_repo\logs\pipeline_incremental_20260601_162524.log
🕐 开始时间: 2026-06-01 16:25:24


================================================================================
🚀 执行模式: INCREMENTAL (增量处理)
================================================================================

================================================================================
L1 Fact Layer - 客观事实层
================================================================================
🔋 电池电压映射表加载完成：99,504 条有效记录

📊 处理日期: 2026-04-23
   ✅ 加载完成：11,010,566 行数据
   ⚠️  数据不完整(2026-04-23): 时间跨度仅12.5h（要求≥20h）; 仅覆盖13/24个小时（要求≥20），跳过统计
⏭️  L1 已存在，跳过: E:\OneDrive\DataBase\DataBase\用户行为习惯/用户特征画像\fact/daily\2026-04-24.parquet
⏭️  L1 已存在，跳过: E:\OneDrive\DataBase\DataBase\用户行为习惯/用户特征画像\fact/daily\2026-04-25.parquet
⏭️  L1 已存在，跳过: E:\OneDrive\DataBase\DataBase\用户行为习惯/用户特征画像\fact/daily\2026-04-26.parquet
⏭️  L1 已存在，跳过: E:\OneDrive\DataBase\DataBase\用户行为习惯/用户特征画像\fact/daily\2026-04-27.parquet
⏭️  L1 已存在，跳过: E:\OneDrive\DataBase\DataBase\用户行为习惯/用户特征画像\fact/daily\2026-04-28.parquet

📊 处理日期: 2026-04-29
   ✅ 加载完成：6,229,666 行数据
   ⚠️  数据不完整(2026-04-29): 时间跨度仅8.6h（要求≥20h）; 仅覆盖9/24个小时（要求≥20），跳过统计
⏭️  L1 已存在，跳过: E:\OneDrive\DataBase\DataBase\用户行为习惯/用户特征画像\fact/daily\2026-04-30.parquet
⏭️  L1 已存在，跳过: E:\OneDrive\DataBase\DataBase\用户行为习惯/用户特征画像\fact/daily\2026-05-01.parquet
⏭️  L1 已存在，跳过: E:\OneDrive\DataBase\DataBase\用户行为习惯/用户特征画像\fact/daily\2026-05-02.parquet
⏭️  L1 已存在，跳过: E:\OneDrive\DataBase\DataBase\用户行为习惯/用户特征画像\fact/daily\2026-05-03.parquet
⏭️  L1 已存在，跳过: E:\OneDrive\DataBase\DataBase\用户行为习惯/用户特征画像\fact/daily\2026-05-04.parquet
⏭️  L1 已存在，跳过: E:\OneDrive\DataBase\DataBase\用户行为习惯/用户特征画像\fact/daily\2026-05-05.parquet
⏭️  L1 已存在，跳过: E:\OneDrive\DataBase\DataBase\用户行为习惯/用户特征画像\fact/daily\2026-05-06.parquet
⏭️  L1 已存在，跳过: E:\OneDrive\DataBase\DataBase\用户行为习惯/用户特征画像\fact/daily\2026-05-07.parquet
⏭️  L1 已存在，跳过: E:\OneDrive\DataBase\DataBase\用户行为习惯/用户特征画像\fact/daily\2026-05-08.parquet
⏭️  L1 已存在，跳过: E:\OneDrive\DataBase\DataBase\用户行为习惯/用户特征画像\fact/daily\2026-05-09.parquet
⏭️  L1 已存在，跳过: E:\OneDrive\DataBase\DataBase\用户行为习惯/用户特征画像\fact/daily\2026-05-10.parquet
⏭️  L1 已存在，跳过: E:\OneDrive\DataBase\DataBase\用户行为习惯/用户特征画像\fact/daily\2026-05-11.parquet

📊 处理日期: 2026-05-12
   ✅ 加载完成：11,215,638 行数据
   ⚠️  数据不完整(2026-05-12): 时间跨度仅18.9h（要求≥20h）; 仅覆盖19/24个小时（要求≥20），跳过统计

📊 处理日期: 2026-05-15
   ✅ 加载完成：5,053,093 行数据
   ⚠️  数据不完整(2026-05-15): 时间跨度仅6.0h（要求≥20h）; 仅覆盖7/24个小时（要求≥20），跳过统计
⏭️  L1 已存在，跳过: E:\OneDrive\DataBase\DataBase\用户行为习惯/用户特征画像\fact/daily\2026-05-16.parquet
⏭️  L1 已存在，跳过: E:\OneDrive\DataBase\DataBase\用户行为习惯/用户特征画像\fact/daily\2026-05-17.parquet
⏭️  L1 已存在，跳过: E:\OneDrive\DataBase\DataBase\用户行为习惯/用户特征画像\fact/daily\2026-05-18.parquet
⏭️  L1 已存在，跳过: E:\OneDrive\DataBase\DataBase\用户行为习惯/用户特征画像\fact/daily\2026-05-19.parquet

📊 处理日期: 2026-05-20
   ✅ 加载完成：3,444,058 行数据
   ⚠️  数据不完整(2026-05-20): 时间跨度仅4.9h（要求≥20h）; 仅覆盖5/24个小时（要求≥20），跳过统计
⏭️  L1 已存在，跳过: E:\OneDrive\DataBase\DataBase\用户行为习惯/用户特征画像\fact/daily\2026-05-21.parquet
⏭️  L1 已存在，跳过: E:\OneDrive\DataBase\DataBase\用户行为习惯/用户特征画像\fact/daily\2026-05-22.parquet

📊 处理日期: 2026-05-23
   ✅ 加载完成：16,232,259 行数据
   🌡️  温度数据已替换为 25°C（2026-05-23 原始数据异常）
   ✅ 清洗完成：16,061,893 行有效数据
🗺️  执行GPS空间匹配...
🗺️  加载地理围栏数据...
✅ 三级围栏加载完成：省 42 个，市 388 个，区县 2898 个，耗时5.43s
   🗺️ 坐标降维：18911 个点 -> 16844 个唯一坐标
   🗺️ 正在执行空间匹配（降维后）...
   ✅ L1 保存: E:\OneDrive\DataBase\DataBase\用户行为习惯/用户特征画像\fact/daily\2026-05-23.parquet (18,915 个合约日记录)

📊 处理日期: 2026-05-24
   ✅ 加载完成：15,866,205 行数据
   🌡️  温度数据已替换为 25°C（2026-05-24 原始数据异常）
   ✅ 清洗完成：15,711,821 行有效数据
🗺️  执行GPS空间匹配...
   🗺️ 坐标降维：18931 个点 -> 16828 个唯一坐标
   🗺️ 正在执行空间匹配（降维后）...
   ✅ L1 保存: E:\OneDrive\DataBase\DataBase\用户行为习惯/用户特征画像\fact/daily\2026-05-24.parquet (18,936 个合约日记录)

📊 处理日期: 2026-05-25
   ✅ 加载完成：15,433,312 行数据
   🌡️  温度数据已替换为 25°C（2026-05-25 原始数据异常）
   ✅ 清洗完成：15,262,557 行有效数据
🗺️  执行GPS空间匹配...
   🗺️ 坐标降维：18979 个点 -> 16966 个唯一坐标
   🗺️ 正在执行空间匹配（降维后）...
   ✅ L1 保存: E:\OneDrive\DataBase\DataBase\用户行为习惯/用户特征画像\fact/daily\2026-05-25.parquet (18,983 个合约日记录)

📊 处理日期: 2026-05-26
   ✅ 加载完成：13,998,347 行数据
   🌡️  温度数据已替换为 25°C（2026-05-26 原始数据异常）
   ✅ 清洗完成：13,846,209 行有效数据
🗺️  执行GPS空间匹配...
   🗺️ 坐标降维：18971 个点 -> 17028 个唯一坐标
   🗺️ 正在执行空间匹配（降维后）...
   ✅ L1 保存: E:\OneDrive\DataBase\DataBase\用户行为习惯/用户特征画像\fact/daily\2026-05-26.parquet (18,973 个合约日记录)

📊 处理日期: 2026-05-27
   ✅ 加载完成：15,381,388 行数据
   ✅ 清洗完成：15,216,066 行有效数据
🗺️  执行GPS空间匹配...
   🗺️ 坐标降维：18996 个点 -> 17003 个唯一坐标
   🗺️ 正在执行空间匹配（降维后）...
   ✅ L1 保存: E:\OneDrive\DataBase\DataBase\用户行为习惯/用户特征画像\fact/daily\2026-05-27.parquet (18,998 个合约日记录)

📊 处理日期: 2026-05-28
   ✅ 加载完成：15,462,293 行数据
   ✅ 清洗完成：15,293,467 行有效数据
🗺️  执行GPS空间匹配...
   🗺️ 坐标降维：19009 个点 -> 16978 个唯一坐标
   🗺️ 正在执行空间匹配（降维后）...
   ✅ L1 保存: E:\OneDrive\DataBase\DataBase\用户行为习惯/用户特征画像\fact/daily\2026-05-28.parquet (19,012 个合约日记录)

📊 处理日期: 2026-05-29
   ✅ 加载完成：15,830,055 行数据
   ✅ 清洗完成：15,648,199 行有效数据
🗺️  执行GPS空间匹配...
   🗺️ 坐标降维：19020 个点 -> 16935 个唯一坐标
   🗺️ 正在执行空间匹配（降维后）...
   ✅ L1 保存: E:\OneDrive\DataBase\DataBase\用户行为习惯/用户特征画像\fact/daily\2026-05-29.parquet (19,027 个合约日记录)

📊 处理日期: 2026-05-30
   ✅ 加载完成：16,440,833 行数据
   ✅ 清洗完成：16,255,229 行有效数据
🗺️  执行GPS空间匹配...
   🗺️ 坐标降维：19071 个点 -> 17000 个唯一坐标
   🗺️ 正在执行空间匹配（降维后）...
   ✅ L1 保存: E:\OneDrive\DataBase\DataBase\用户行为习惯/用户特征画像\fact/daily\2026-05-30.parquet (19,072 个合约日记录)

📊 处理日期: 2026-05-31
   ✅ 加载完成：12,911,539 行数据
   ⚠️  数据不完整(2026-05-31): 时间跨度仅14.6h（要求≥20h）; 仅覆盖15/24个小时（要求≥20），跳过统计
   📋 跳过日期日志已更新: E:\OneDrive\DataBase\DataBase\用户行为习惯/用户特征画像\fact/daily\skipped_dates.json (6 个日期)

✅ L1 Fact Layer 完成，处理 31 个日期（新增 8 个，跳过 6 个）

   📋 新增日期: ['2026-05-23', '2026-05-24', '2026-05-25', '2026-05-26', '2026-05-27', '2026-05-28', '2026-05-29', '2026-05-30']

================================================================================
L2 Snapshot Layer - 用户日级快照层
================================================================================

📊 处理日期: 2026-05-23

📊 处理日期: 2026-05-24

📊 处理日期: 2026-05-25

📊 处理日期: 2026-05-26

📊 处理日期: 2026-05-27

📊 处理日期: 2026-05-28

📊 处理日期: 2026-05-29

📊 处理日期: 2026-05-30
✅ L2 保存: E:\OneDrive\DataBase\DataBase\用户行为习惯/用户特征画像\snapshot/user_daily.parquet (151629 用户日记录)

================================================================================
L3 Lifecycle Layer - 用户生命周期层
================================================================================

[1/6] 加载快照数据...
   加载完成：151,629 条记录

[2/6] 计算7天滚动指标...
计算7天滚动指标...
   完成：20,457 个用户

[3/6] 计算月度用电预估...
   ✅ 月度出勤预估明细已保存: E:\OneDrive\DataBase\DataBase\用户行为习惯/用户特征画像\lifecycle\user_monthly_attendance_detail.csv (20,457 用户)

[3.5/6] 加载合约信息...
📂 正在加载用户合约信息表...
✅ 用户合约信息表加载完成：共 179867 个用户
   ✅ 合约信息注入完成

[4/6] 动态阈值计算与用户评分...
[DynamicThresholds] [CHANGED] Data fingerprint changed or baseline expired, recomputing thresholds
   Data source changed, rebuilding baseline
   Baseline expired (42d > 30d)
[DynamicThresholds] [CALC] Computing quantiles from data...

[Distribution Shift Detection Report]
  [OK] No significant shift detected
[DynamicThresholds] [DEBUG] EMA配置状态 - use_ema: True
[DynamicThresholds] [DEBUG] 分布漂移检测结果 - has_shift: False
[DynamicThresholds] [EMA] ℹ️ 未检测到分布漂移，保持当前基准线不变
   评分分类完成

[4.5/6] 计算完全体画像衍生指标...

[5/6] 生命周期状态判定...

[5.5/6] 生成完全体画像文本...

[6/6] 保存结果...
   L3 保存: E:\OneDrive\DataBase\DataBase\用户行为习惯/用户特征画像\lifecycle/user_7d.parquet (20,457 用户)

================================================================================
L4 Report Layer - 报告输出层
================================================================================

[1/1] 加载生命周期数据...
   ✅ 加载完成：20,457 个用户

生成报告文件...
   ✅ 用户明细: E:\OneDrive\DataBase\DataBase\用户行为习惯/用户特征画像\reports\user_detail.csv
   ✅ 用户7天滚动全量数据: E:\OneDrive\DataBase\DataBase\用户行为习惯/用户特征画像\reports\user_7d_full.csv (20,457 用户, 109 字段)
   ✅ 等级分布: E:\OneDrive\DataBase\DataBase\用户行为习惯/用户特征画像\reports\level_distribution.csv
   ✅ 风险告警: E:\OneDrive\DataBase\DataBase\用户行为习惯/用户特征画像\reports\risk_alerts.csv (7174 用户)
   ✅ 月度出勤预估明细: E:\OneDrive\DataBase\DataBase\用户行为习惯/用户特征画像\reports\user_monthly_attendance_detail.csv (20,457 用户)
   ✅ 漂移报告: E:\OneDrive\DataBase\DataBase\用户行为习惯/用户特征画像\reports\shift_report.json
   ✅ 文本摘要: E:\OneDrive\DataBase\DataBase\用户行为习惯/用户特征画像\reports\summary.txt

✅ L4 Report Layer 完成，报告目录: E:\OneDrive\DataBase\DataBase\用户行为习惯/用户特征画像\reports

⏱️  增量流水线完成，总耗时: 15498.77 秒

✅ 流水线执行成功
🕐 结束时间: 2026-06-01 20:43:42
📋 日志已保存: e:\OneDrive\DataBase\User_characteristics_repo\logs\pipeline_incremental_20260601_162524.log
