📋 日志文件: E:\OneDrive\DataBase\User_characteristics_repo\logs\pipeline_refresh_20260528_153344.log
🕐 开始时间: 2026-05-28 15:33:44


================================================================================
🚀 执行模式: REFRESH (刷新聚合)
================================================================================

================================================================================
L2 Snapshot Layer - 用户日级快照层
================================================================================

📊 处理日期: 2026-04-24

❌ 流水线执行失败: 'Column not found: 峰值功率_W'
Traceback (most recent call last):
  File "E:\OneDrive\DataBase\User_characteristics_repo\src\pipeline\run_pipeline.py", line 367, in main
    pipeline_func(target_date=args.date, skip_incomplete=args.skip_incomplete)
    ~~~~~~~~~~~~~^^^^^^^^^^^^^^^^^^^^^^^^^^^^^^^^^^^^^^^^^^^^^^^^^^^^^^^^^^^^^
  File "E:\OneDrive\DataBase\User_characteristics_repo\src\pipeline\run_pipeline.py", line 184, in run_refresh
    process_snapshot_layer(target_date=target_date)
    ~~~~~~~~~~~~~~~~~~~~~~^^^^^^^^^^^^^^^^^^^^^^^^^
  File "E:\OneDrive\DataBase\User_characteristics_repo\src\pipeline\snapshot_layer.py", line 430, in process_snapshot_layer
    df_agg['当日峰值功率_W'] = g['峰值功率_W'].max()
                               ~^^^^^^^^^^^^^^
  File "D:\Python\Python313\Lib\site-packages\pandas\core\groupby\generic.py", line 1951, in __getitem__
    return super().__getitem__(key)
           ~~~~~~~~~~~~~~~~~~~^^^^^
  File "D:\Python\Python313\Lib\site-packages\pandas\core\base.py", line 245, in __getitem__
    raise KeyError(f"Column not found: {key}")
KeyError: 'Column not found: 峰值功率_W'

🕐 结束时间: 2026-05-28 15:34:00
📋 日志已保存: E:\OneDrive\DataBase\User_characteristics_repo\logs\pipeline_refresh_20260528_153344.log
