📋 日志文件: E:\OneDrive\DataBase\User_characteristics_repo\logs\pipeline_full_20260921_145142.log
🕐 开始时间: 2026-09-21 14:51:42


================================================================================
🚀 执行模式: FULL (全量重建)
================================================================================
   🗑️  已清除 fact/ 目录
   🗑️  已清除 snapshot/ 目录
   🗑️  已清除 lifecycle/ 目录
   🗑️  已清除 reports/ 目录


================================================================================
L1 Fact Layer - 客观事实层
================================================================================
🔋 电池电压映射表加载完成：99,504 条有效记录

📊 处理日期: 2026-09-02
   ✅ 加载完成：14,533,694 行数据
   ✅ 清洗完成：14,351,083 行有效数据
🗺️  执行GPS空间匹配...
🗺️  加载地理围栏数据...
✅ 三级围栏加载完成：省 42 个，市 388 个，区县 2898 个，耗时4.98s
   🗺️ 坐标降维：17455 个点 -> 15722 个唯一坐标
   🗺️ 正在执行空间匹配（降维后）...
   ✅ L1 保存: E:\OneDrive\DataBase\DataBase\用户行为习惯/用户特征画像\fact/daily\2026-09-02.parquet (17,456 个合约日记录)

📊 处理日期: 2026-09-03
   ✅ 加载完成：14,519,170 行数据
   ✅ 清洗完成：14,333,087 行有效数据
🗺️  执行GPS空间匹配...
   🗺️ 坐标降维：17448 个点 -> 15644 个唯一坐标
   🗺️ 正在执行空间匹配（降维后）...
   ✅ L1 保存: E:\OneDrive\DataBase\DataBase\用户行为习惯/用户特征画像\fact/daily\2026-09-03.parquet (17,454 个合约日记录)

📊 处理日期: 2026-09-04
   ✅ 加载完成：13,056,072 行数据
   ✅ 清洗完成：12,893,611 行有效数据
🗺️  执行GPS空间匹配...
   🗺️ 坐标降维：17405 个点 -> 15755 个唯一坐标
   🗺️ 正在执行空间匹配（降维后）...
   ✅ L1 保存: E:\OneDrive\DataBase\DataBase\用户行为习惯/用户特征画像\fact/daily\2026-09-04.parquet (17,410 个合约日记录)

📊 处理日期: 2026-09-05
   ✅ 加载完成：15,037,366 行数据
   ✅ 清洗完成：14,839,241 行有效数据
🗺️  执行GPS空间匹配...
   🗺️ 坐标降维：17396 个点 -> 15659 个唯一坐标
   🗺️ 正在执行空间匹配（降维后）...
   ✅ L1 保存: E:\OneDrive\DataBase\DataBase\用户行为习惯/用户特征画像\fact/daily\2026-09-05.parquet (17,401 个合约日记录)

📊 处理日期: 2026-09-06
   ✅ 加载完成：14,773,210 行数据
   ✅ 清洗完成：14,576,900 行有效数据
🗺️  执行GPS空间匹配...
   🗺️ 坐标降维：17424 个点 -> 15672 个唯一坐标
   🗺️ 正在执行空间匹配（降维后）...
   ✅ L1 保存: E:\OneDrive\DataBase\DataBase\用户行为习惯/用户特征画像\fact/daily\2026-09-06.parquet (17,428 个合约日记录)

📊 处理日期: 2026-09-07
   ✅ 加载完成：14,226,251 行数据
   ✅ 清洗完成：14,035,857 行有效数据
🗺️  执行GPS空间匹配...
   🗺️ 坐标降维：17415 个点 -> 15683 个唯一坐标
   🗺️ 正在执行空间匹配（降维后）...
   ✅ L1 保存: E:\OneDrive\DataBase\DataBase\用户行为习惯/用户特征画像\fact/daily\2026-09-07.parquet (17,416 个合约日记录)

📊 处理日期: 2026-09-08
   ✅ 加载完成：14,391,736 行数据
   ✅ 清洗完成：14,205,878 行有效数据
🗺️  执行GPS空间匹配...
   🗺️ 坐标降维：17391 个点 -> 15733 个唯一坐标
   🗺️ 正在执行空间匹配（降维后）...
   ✅ L1 保存: E:\OneDrive\DataBase\DataBase\用户行为习惯/用户特征画像\fact/daily\2026-09-08.parquet (17,393 个合约日记录)

📊 处理日期: 2026-09-09
   ✅ 加载完成：14,233,563 行数据
   ✅ 清洗完成：14,068,406 行有效数据
🗺️  执行GPS空间匹配...
   🗺️ 坐标降维：17391 个点 -> 15656 个唯一坐标
   🗺️ 正在执行空间匹配（降维后）...
   ✅ L1 保存: E:\OneDrive\DataBase\DataBase\用户行为习惯/用户特征画像\fact/daily\2026-09-09.parquet (17,399 个合约日记录)

📊 处理日期: 2026-09-10
   ✅ 加载完成：14,412,478 行数据
   ✅ 清洗完成：14,232,995 行有效数据
🗺️  执行GPS空间匹配...
   🗺️ 坐标降维：17417 个点 -> 15750 个唯一坐标
   🗺️ 正在执行空间匹配（降维后）...
   ✅ L1 保存: E:\OneDrive\DataBase\DataBase\用户行为习惯/用户特征画像\fact/daily\2026-09-10.parquet (17,420 个合约日记录)

📊 处理日期: 2026-09-11
   ✅ 加载完成：14,605,408 行数据
   ✅ 清洗完成：14,420,793 行有效数据
🗺️  执行GPS空间匹配...
   🗺️ 坐标降维：17442 个点 -> 15746 个唯一坐标
   🗺️ 正在执行空间匹配（降维后）...
   ✅ L1 保存: E:\OneDrive\DataBase\DataBase\用户行为习惯/用户特征画像\fact/daily\2026-09-11.parquet (17,445 个合约日记录)

📊 处理日期: 2026-09-12
   ✅ 加载完成：14,954,359 行数据
   ✅ 清洗完成：14,757,822 行有效数据
🗺️  执行GPS空间匹配...
   🗺️ 坐标降维：17430 个点 -> 15653 个唯一坐标
   🗺️ 正在执行空间匹配（降维后）...
   ✅ L1 保存: E:\OneDrive\DataBase\DataBase\用户行为习惯/用户特征画像\fact/daily\2026-09-12.parquet (17,430 个合约日记录)

📊 处理日期: 2026-09-13
   ✅ 加载完成：14,061,680 行数据
   ✅ 清洗完成：13,880,602 行有效数据
🗺️  执行GPS空间匹配...
   🗺️ 坐标降维：17438 个点 -> 15700 个唯一坐标
   🗺️ 正在执行空间匹配（降维后）...
   ✅ L1 保存: E:\OneDrive\DataBase\DataBase\用户行为习惯/用户特征画像\fact/daily\2026-09-13.parquet (17,439 个合约日记录)

📊 处理日期: 2026-09-14
   ✅ 加载完成：14,141,357 行数据
   ✅ 清洗完成：13,969,214 行有效数据
🗺️  执行GPS空间匹配...
   🗺️ 坐标降维：17455 个点 -> 15758 个唯一坐标
   🗺️ 正在执行空间匹配（降维后）...
   ✅ L1 保存: E:\OneDrive\DataBase\DataBase\用户行为习惯/用户特征画像\fact/daily\2026-09-14.parquet (17,456 个合约日记录)

📊 处理日期: 2026-09-15
   ✅ 加载完成：14,129,745 行数据
   ✅ 清洗完成：13,969,056 行有效数据
🗺️  执行GPS空间匹配...
   🗺️ 坐标降维：17422 个点 -> 15687 个唯一坐标
   🗺️ 正在执行空间匹配（降维后）...
   ✅ L1 保存: E:\OneDrive\DataBase\DataBase\用户行为习惯/用户特征画像\fact/daily\2026-09-15.parquet (17,422 个合约日记录)

📊 处理日期: 2026-09-16
   ✅ 加载完成：14,354,400 行数据
   ✅ 清洗完成：14,178,753 行有效数据
🗺️  执行GPS空间匹配...
   🗺️ 坐标降维：17499 个点 -> 15792 个唯一坐标
   🗺️ 正在执行空间匹配（降维后）...
   ✅ L1 保存: E:\OneDrive\DataBase\DataBase\用户行为习惯/用户特征画像\fact/daily\2026-09-16.parquet (17,502 个合约日记录)

📊 处理日期: 2026-09-17
   ✅ 加载完成：14,501,327 行数据
   ✅ 清洗完成：14,323,779 行有效数据
🗺️  执行GPS空间匹配...
   🗺️ 坐标降维：17525 个点 -> 15831 个唯一坐标
   🗺️ 正在执行空间匹配（降维后）...
   ✅ L1 保存: E:\OneDrive\DataBase\DataBase\用户行为习惯/用户特征画像\fact/daily\2026-09-17.parquet (17,527 个合约日记录)

📊 处理日期: 2026-09-18
   ✅ 加载完成：14,785,872 行数据
   ✅ 清洗完成：14,600,359 行有效数据
🗺️  执行GPS空间匹配...
   🗺️ 坐标降维：17550 个点 -> 15807 个唯一坐标
   🗺️ 正在执行空间匹配（降维后）...
   ✅ L1 保存: E:\OneDrive\DataBase\DataBase\用户行为习惯/用户特征画像\fact/daily\2026-09-18.parquet (17,551 个合约日记录)

📊 处理日期: 2026-09-19
   ✅ 加载完成：14,977,221 行数据
   ✅ 清洗完成：14,793,260 行有效数据
🗺️  执行GPS空间匹配...
   🗺️ 坐标降维：17559 个点 -> 15902 个唯一坐标
   🗺️ 正在执行空间匹配（降维后）...
   ✅ L1 保存: E:\OneDrive\DataBase\DataBase\用户行为习惯/用户特征画像\fact/daily\2026-09-19.parquet (17,560 个合约日记录)

📊 处理日期: 2026-09-20
   ✅ 加载完成：14,347,873 行数据
   ✅ 清洗完成：14,163,006 行有效数据
🗺️  执行GPS空间匹配...
   🗺️ 坐标降维：17579 个点 -> 15803 个唯一坐标
   🗺️ 正在执行空间匹配（降维后）...
   ✅ L1 保存: E:\OneDrive\DataBase\DataBase\用户行为习惯/用户特征画像\fact/daily\2026-09-20.parquet (17,581 个合约日记录)

✅ L1 Fact Layer 完成，处理 19 个日期（新增 19 个，跳过 0 个）

================================================================================
L2 Snapshot Layer - 用户日级快照层
================================================================================

📊 处理日期: 2026-09-02

📊 处理日期: 2026-09-03

📊 处理日期: 2026-09-04

📊 处理日期: 2026-09-05

📊 处理日期: 2026-09-06

📊 处理日期: 2026-09-07

📊 处理日期: 2026-09-08

📊 处理日期: 2026-09-09

📊 处理日期: 2026-09-10

📊 处理日期: 2026-09-11

📊 处理日期: 2026-09-12

📊 处理日期: 2026-09-13

📊 处理日期: 2026-09-14

📊 处理日期: 2026-09-15

📊 处理日期: 2026-09-16

📊 处理日期: 2026-09-17

📊 处理日期: 2026-09-18

📊 处理日期: 2026-09-19

📊 处理日期: 2026-09-20
✅ L2 保存: E:\OneDrive\DataBase\DataBase\用户行为习惯/用户特征画像\snapshot/user_daily.parquet (331004 用户日记录)

================================================================================
L3 Lifecycle Layer - 用户生命周期层
================================================================================

[1/6] 加载快照数据...
   加载完成：331,004 条记录

[2/6] 计算7天滚动指标...
计算7天滚动指标...
   完成：20,688 个用户

[3/6] 计算月度用电预估...
   ✅ 月度出勤预估明细已保存: E:\OneDrive\DataBase\DataBase\用户行为习惯/用户特征画像\lifecycle\user_monthly_attendance_detail.csv (20,688 用户)

[3.5/6] 加载合约信息...
📂 正在加载用户合约信息表...
✅ 用户合约信息表加载完成：共 192651 个用户
   ✅ 合约信息注入完成

[4/6] 动态阈值计算与用户评分...
[DynamicThresholds] [CHANGED] Data fingerprint changed or baseline expired, recomputing thresholds
   Data source changed, rebuilding baseline
   Baseline expired (154d > 30d)
[DynamicThresholds] [CALC] Computing quantiles from data...

[Distribution Shift Detection Report]
  [OK] No significant shift detected
[DynamicThresholds] [DEBUG] EMA配置状态 - use_ema: True
[DynamicThresholds] [DEBUG] 分布漂移检测结果 - has_shift: False
[DynamicThresholds] [EMA] ℹ️ 未检测到分布漂移，保持当前基准线不变
   评分分类完成

[4.5/6] 计算完全体画像衍生指标...

[5/6] 生命周期状态判定...

[5.5/6] 生成完全体画像文本...

[6/6] 保存结果...
   L3 保存: E:\OneDrive\DataBase\DataBase\用户行为习惯/用户特征画像\lifecycle/user_7d.parquet (20,688 用户)

================================================================================
L4 Report Layer - 报告输出层
================================================================================

[1/1] 加载生命周期数据...
   ✅ 加载完成：20,688 个用户

生成报告文件...
   ✅ 用户明细: E:\OneDrive\DataBase\DataBase\用户行为习惯/用户特征画像\reports\user_detail.csv
   ✅ 用户7天滚动全量数据: E:\OneDrive\DataBase\DataBase\用户行为习惯/用户特征画像\reports\user_7d_full.csv (20,688 用户, 109 字段)
   ✅ 等级分布: E:\OneDrive\DataBase\DataBase\用户行为习惯/用户特征画像\reports\level_distribution.csv
   ✅ 风险告警: E:\OneDrive\DataBase\DataBase\用户行为习惯/用户特征画像\reports\risk_alerts.csv (7217 用户)
   ✅ 月度出勤预估明细: E:\OneDrive\DataBase\DataBase\用户行为习惯/用户特征画像\reports\user_monthly_attendance_detail.csv (20,688 用户)
   ✅ 漂移报告: E:\OneDrive\DataBase\DataBase\用户行为习惯/用户特征画像\reports\shift_report.json
   ✅ 文本摘要: E:\OneDrive\DataBase\DataBase\用户行为习惯/用户特征画像\reports\summary.txt

✅ L4 Report Layer 完成，报告目录: E:\OneDrive\DataBase\DataBase\用户行为习惯/用户特征画像\reports

⏱️  全量流水线完成，总耗时: 38474.08 秒

✅ 流水线执行成功
🕐 结束时间: 2026-09-22 01:32:56
📋 日志已保存: E:\OneDrive\DataBase\User_characteristics_repo\logs\pipeline_full_20260921_145142.log
