📋 日志文件: e:\OneDrive\DataBase\User_characteristics_repo\logs\pipeline_incremental_20260523_113104.log
🕐 开始时间: 2026-05-23 11:31:04


================================================================================
🚀 执行模式: INCREMENTAL (增量处理)
================================================================================

================================================================================
L1 Fact Layer - 客观事实层
================================================================================
🔋 电池电压映射表加载完成：99,504 条有效记录

📊 处理日期: 2026-04-23
   ✅ 加载完成：11,010,566 行数据
   ⚠️  数据不完整(2026-04-23): 时间跨度仅12.5h（要求≥20h）; 仅覆盖13/24个小时（要求≥20），跳过统计
⏭️  L1 已存在，跳过: E:\OneDrive\DataBase\DataBase\用户行为习惯/用户特征画像\fact/daily\2026-04-24.parquet
⏭️  L1 已存在，跳过: E:\OneDrive\DataBase\DataBase\用户行为习惯/用户特征画像\fact/daily\2026-04-25.parquet
⏭️  L1 已存在，跳过: E:\OneDrive\DataBase\DataBase\用户行为习惯/用户特征画像\fact/daily\2026-04-26.parquet
⏭️  L1 已存在，跳过: E:\OneDrive\DataBase\DataBase\用户行为习惯/用户特征画像\fact/daily\2026-04-27.parquet
⏭️  L1 已存在，跳过: E:\OneDrive\DataBase\DataBase\用户行为习惯/用户特征画像\fact/daily\2026-04-28.parquet

📊 处理日期: 2026-04-29
   ✅ 加载完成：6,229,666 行数据
   ⚠️  数据不完整(2026-04-29): 时间跨度仅8.6h（要求≥20h）; 仅覆盖9/24个小时（要求≥20），跳过统计
⏭️  L1 已存在，跳过: E:\OneDrive\DataBase\DataBase\用户行为习惯/用户特征画像\fact/daily\2026-04-30.parquet
⏭️  L1 已存在，跳过: E:\OneDrive\DataBase\DataBase\用户行为习惯/用户特征画像\fact/daily\2026-05-01.parquet
⏭️  L1 已存在，跳过: E:\OneDrive\DataBase\DataBase\用户行为习惯/用户特征画像\fact/daily\2026-05-02.parquet
⏭️  L1 已存在，跳过: E:\OneDrive\DataBase\DataBase\用户行为习惯/用户特征画像\fact/daily\2026-05-03.parquet
⏭️  L1 已存在，跳过: E:\OneDrive\DataBase\DataBase\用户行为习惯/用户特征画像\fact/daily\2026-05-04.parquet
⏭️  L1 已存在，跳过: E:\OneDrive\DataBase\DataBase\用户行为习惯/用户特征画像\fact/daily\2026-05-05.parquet
⏭️  L1 已存在，跳过: E:\OneDrive\DataBase\DataBase\用户行为习惯/用户特征画像\fact/daily\2026-05-06.parquet
⏭️  L1 已存在，跳过: E:\OneDrive\DataBase\DataBase\用户行为习惯/用户特征画像\fact/daily\2026-05-07.parquet
⏭️  L1 已存在，跳过: E:\OneDrive\DataBase\DataBase\用户行为习惯/用户特征画像\fact/daily\2026-05-08.parquet
⏭️  L1 已存在，跳过: E:\OneDrive\DataBase\DataBase\用户行为习惯/用户特征画像\fact/daily\2026-05-09.parquet
⏭️  L1 已存在，跳过: E:\OneDrive\DataBase\DataBase\用户行为习惯/用户特征画像\fact/daily\2026-05-10.parquet
⏭️  L1 已存在，跳过: E:\OneDrive\DataBase\DataBase\用户行为习惯/用户特征画像\fact/daily\2026-05-11.parquet

📊 处理日期: 2026-05-12
   ✅ 加载完成：11,215,638 行数据
   ⚠️  数据不完整(2026-05-12): 时间跨度仅18.9h（要求≥20h）; 仅覆盖19/24个小时（要求≥20），跳过统计

📊 处理日期: 2026-05-15
   ✅ 加载完成：5,053,093 行数据
   ⚠️  数据不完整(2026-05-15): 时间跨度仅6.0h（要求≥20h）; 仅覆盖7/24个小时（要求≥20），跳过统计
⏭️  L1 已存在，跳过: E:\OneDrive\DataBase\DataBase\用户行为习惯/用户特征画像\fact/daily\2026-05-16.parquet
⏭️  L1 已存在，跳过: E:\OneDrive\DataBase\DataBase\用户行为习惯/用户特征画像\fact/daily\2026-05-17.parquet
⏭️  L1 已存在，跳过: E:\OneDrive\DataBase\DataBase\用户行为习惯/用户特征画像\fact/daily\2026-05-18.parquet
⏭️  L1 已存在，跳过: E:\OneDrive\DataBase\DataBase\用户行为习惯/用户特征画像\fact/daily\2026-05-19.parquet

📊 处理日期: 2026-05-20
   ✅ 加载完成：3,444,058 行数据
   ⚠️  数据不完整(2026-05-20): 时间跨度仅4.9h（要求≥20h）; 仅覆盖5/24个小时（要求≥20），跳过统计
⏭️  L1 已存在，跳过: E:\OneDrive\DataBase\DataBase\用户行为习惯/用户特征画像\fact/daily\2026-05-21.parquet
⏭️  L1 已存在，跳过: E:\OneDrive\DataBase\DataBase\用户行为习惯/用户特征画像\fact/daily\2026-05-22.parquet
   📋 跳过日期日志已更新: E:\OneDrive\DataBase\DataBase\用户行为习惯/用户特征画像\fact/daily\skipped_dates.json (5 个日期)

✅ L1 Fact Layer 完成，处理 23 个日期（新增 0 个，跳过 5 个）
   ✅ 无新增日期需要处理，流水线结束

✅ 流水线执行成功
🕐 结束时间: 2026-05-23 11:31:21
📋 日志已保存: e:\OneDrive\DataBase\User_characteristics_repo\logs\pipeline_incremental_20260523_113104.log
