📋 日志文件: e:\OneDrive\DataBase\User_characteristics_repo\logs\pipeline_incremental_20260523_102105.log
🕐 开始时间: 2026-05-23 10:21:05


================================================================================
🚀 执行模式: INCREMENTAL (增量处理)
================================================================================

================================================================================
L1 Fact Layer - 客观事实层
================================================================================
🔋 电池电压映射表加载完成：99,504 条有效记录

📊 处理日期: 2026-04-23
   ✅ 加载完成：11,010,566 行数据
   ⚠️  数据不完整(2026-04-23): 时间跨度仅12.5h（要求≥20h）; 仅覆盖13/24个小时（要求≥20），跳过统计
⏭️  L1 已存在，跳过: E:\OneDrive\DataBase\DataBase\用户行为习惯/用户特征画像\fact/daily\2026-04-24.parquet
⏭️  L1 已存在，跳过: E:\OneDrive\DataBase\DataBase\用户行为习惯/用户特征画像\fact/daily\2026-04-25.parquet
⏭️  L1 已存在，跳过: E:\OneDrive\DataBase\DataBase\用户行为习惯/用户特征画像\fact/daily\2026-04-26.parquet
⏭️  L1 已存在，跳过: E:\OneDrive\DataBase\DataBase\用户行为习惯/用户特征画像\fact/daily\2026-04-27.parquet
⏭️  L1 已存在，跳过: E:\OneDrive\DataBase\DataBase\用户行为习惯/用户特征画像\fact/daily\2026-04-28.parquet

📊 处理日期: 2026-04-29
   ✅ 加载完成：6,229,666 行数据
   ⚠️  数据不完整(2026-04-29): 时间跨度仅8.6h（要求≥20h）; 仅覆盖9/24个小时（要求≥20），跳过统计
⏭️  L1 已存在，跳过: E:\OneDrive\DataBase\DataBase\用户行为习惯/用户特征画像\fact/daily\2026-04-30.parquet
⏭️  L1 已存在，跳过: E:\OneDrive\DataBase\DataBase\用户行为习惯/用户特征画像\fact/daily\2026-05-01.parquet
⏭️  L1 已存在，跳过: E:\OneDrive\DataBase\DataBase\用户行为习惯/用户特征画像\fact/daily\2026-05-02.parquet
⏭️  L1 已存在，跳过: E:\OneDrive\DataBase\DataBase\用户行为习惯/用户特征画像\fact/daily\2026-05-03.parquet
⏭️  L1 已存在，跳过: E:\OneDrive\DataBase\DataBase\用户行为习惯/用户特征画像\fact/daily\2026-05-04.parquet
⏭️  L1 已存在，跳过: E:\OneDrive\DataBase\DataBase\用户行为习惯/用户特征画像\fact/daily\2026-05-05.parquet
⏭️  L1 已存在，跳过: E:\OneDrive\DataBase\DataBase\用户行为习惯/用户特征画像\fact/daily\2026-05-06.parquet
⏭️  L1 已存在，跳过: E:\OneDrive\DataBase\DataBase\用户行为习惯/用户特征画像\fact/daily\2026-05-07.parquet
⏭️  L1 已存在，跳过: E:\OneDrive\DataBase\DataBase\用户行为习惯/用户特征画像\fact/daily\2026-05-08.parquet
⏭️  L1 已存在，跳过: E:\OneDrive\DataBase\DataBase\用户行为习惯/用户特征画像\fact/daily\2026-05-09.parquet
⏭️  L1 已存在，跳过: E:\OneDrive\DataBase\DataBase\用户行为习惯/用户特征画像\fact/daily\2026-05-10.parquet
⏭️  L1 已存在，跳过: E:\OneDrive\DataBase\DataBase\用户行为习惯/用户特征画像\fact/daily\2026-05-11.parquet

📊 处理日期: 2026-05-12
   ✅ 加载完成：11,215,638 行数据
   ⚠️  数据不完整(2026-05-12): 时间跨度仅18.9h（要求≥20h）; 仅覆盖19/24个小时（要求≥20），跳过统计

📊 处理日期: 2026-05-15
   ✅ 加载完成：5,053,093 行数据
   ⚠️  数据不完整(2026-05-15): 时间跨度仅6.0h（要求≥20h）; 仅覆盖7/24个小时（要求≥20），跳过统计
⏭️  L1 已存在，跳过: E:\OneDrive\DataBase\DataBase\用户行为习惯/用户特征画像\fact/daily\2026-05-16.parquet
⏭️  L1 已存在，跳过: E:\OneDrive\DataBase\DataBase\用户行为习惯/用户特征画像\fact/daily\2026-05-17.parquet
⏭️  L1 已存在，跳过: E:\OneDrive\DataBase\DataBase\用户行为习惯/用户特征画像\fact/daily\2026-05-18.parquet
⏭️  L1 已存在，跳过: E:\OneDrive\DataBase\DataBase\用户行为习惯/用户特征画像\fact/daily\2026-05-19.parquet

📊 处理日期: 2026-05-20
   ✅ 加载完成：3,444,058 行数据
   ⚠️  数据不完整(2026-05-20): 时间跨度仅4.9h（要求≥20h）; 仅覆盖5/24个小时（要求≥20），跳过统计
⏭️  L1 已存在，跳过: E:\OneDrive\DataBase\DataBase\用户行为习惯/用户特征画像\fact/daily\2026-05-21.parquet

📊 处理日期: 2026-05-22
   ✅ 加载完成：15,731,078 行数据
   ✅ 清洗完成：1,185,894 行有效数据
🗺️  执行GPS空间匹配...
🗺️  加载地理围栏数据...
✅ 三级围栏加载完成：省 42 个，市 388 个，区县 2898 个，耗时4.85s
   🗺️ 坐标降维：1633 个点 -> 1517 个唯一坐标
   🗺️ 正在执行空间匹配（降维后）...
   ✅ L1 保存: E:\OneDrive\DataBase\DataBase\用户行为习惯/用户特征画像\fact/daily\2026-05-22.parquet (1,646 个合约日记录)
   📋 跳过日期日志已更新: E:\OneDrive\DataBase\DataBase\用户行为习惯/用户特征画像\fact/daily\skipped_dates.json (5 个日期)

✅ L1 Fact Layer 完成，处理 23 个日期（新增 1 个，跳过 5 个）

   📋 新增日期: ['2026-05-22']

================================================================================
L2 Snapshot Layer - 用户日级快照层
================================================================================

📊 处理日期: 2026-05-22

❌ 流水线执行失败: Schema at index 1 was different: 
统计日期: date32[day]
用户id: string
关联合约数: int64
当日总行驶距离_km: double
当日总骑行时长_h: double
当日总放电时长_h: double
当日总怠速放电时长_h: double
当日平均骑行放电比: double
当日总用电量_kWh: double
当日总骑行次数: int64
当日总换电次数: int64
单合约日均行驶里程_km: double
单合约日均骑行时长_h: double
单合约日均放电时长_h: double
单合约日均怠速放电_h: double
单合约日均用电量_kWh: double
午间高峰长时骑行总次数: int64
晚间高峰长时骑行总次数: int64
平峰长时骑行总次数: int64
夜间长时骑行总次数: int64
午间高峰总里程_km: double
晚间高峰总里程_km: double
平峰总里程_km: double
夜间总里程_km: double
总电流超60A次数: int64
总电流超80A次数: int64
总超100A连续次数: int64
总超100A累计时长_h: double
当日最高速度_kmh: double
当日最大电流_A: double
当日最高温度_℃: double
当日最低SOC: double
最低包月友好分: int64
最大单合约活动半径_km: double
R90活动半径_km: double
最大凸包覆盖面积_km2: double
最大单次出行距离_km: double
当日是否出勤: int64
平均包月友好分: double
当日平均骑行SOC: double
当日平均骑行速度_kmh: double
当日平均骑行电流_A: double
当日百公里电耗_kWh: double
高峰骑行占比: double
SOC低于20%时长占比_当日: double
SOC低于10%时长占比_当日: double
当日平峰换电次数: int64
当日深夜换电次数: int64
当日高峰换电次数: int64
平峰换电占比_当日: double
深夜换电占比_当日: double
取电时平均SOC_当日: double
还电时平均SOC_当日: double
单次换电平均SOC消耗_当日: double
当日P50骑行速度_kmh: double
当日P90骑行速度_kmh: double
当日夜间骑行均速_kmh: double
当日高速骑行点数: int64
最早骑行时刻_h: double
最晚骑行时刻_h: double
核心活动省份: string
核心活动城市: string
核心活动区县: string
风险标签_电流异常: string
客户形态_综合: string
用户等级_综合: string
偏好换电时段_综合: string
主要骑行时段_综合: string
用户等级_综合说明: string
客户形态_综合说明: string
vs
统计日期: date32[day]
用户id: large_string
关联合约数: int64
当日总行驶距离_km: double
当日总骑行时长_h: double
当日总放电时长_h: double
当日总怠速放电时长_h: double
当日平均骑行放电比: double
当日总用电量_kWh: double
当日总骑行次数: int64
当日总换电次数: int64
单合约日均行驶里程_km: double
单合约日均骑行时长_h: double
单合约日均放电时长_h: double
单合约日均怠速放电_h: double
单合约日均用电量_kWh: double
午间高峰长时骑行总次数: int64
晚间高峰长时骑行总次数: int64
平峰长时骑行总次数: int64
夜间长时骑行总次数: int64
午间高峰总里程_km: double
晚间高峰总里程_km: double
平峰总里程_km: double
夜间总里程_km: double
总电流超60A次数: int64
总电流超80A次数: int64
总超100A连续次数: int64
总超100A累计时长_h: double
当日最高速度_kmh: double
当日最大电流_A: double
当日最高温度_℃: double
当日最低SOC: double
最低包月友好分: int64
最大单合约活动半径_km: double
R90活动半径_km: double
最大凸包覆盖面积_km2: double
最大单次出行距离_km: double
当日是否出勤: int64
平均包月友好分: double
当日平均骑行SOC: double
当日平均骑行速度_kmh: double
当日平均骑行电流_A: double
当日百公里电耗_kWh: double
高峰骑行占比: double
SOC低于20%时长占比_当日: double
SOC低于10%时长占比_当日: double
当日平峰换电次数: int64
当日深夜换电次数: int64
当日高峰换电次数: int64
平峰换电占比_当日: double
深夜换电占比_当日: double
取电时平均SOC_当日: double
还电时平均SOC_当日: double
单次换电平均SOC消耗_当日: double
当日P50骑行速度_kmh: double
当日P90骑行速度_kmh: double
当日夜间骑行均速_kmh: double
当日高速骑行点数: int64
最早骑行时刻_h: double
最晚骑行时刻_h: double
核心活动省份: large_string
核心活动城市: large_string
核心活动区县: large_string
风险标签_电流异常: large_string
客户形态_综合: large_string
用户等级_综合: large_string
偏好换电时段_综合: large_string
主要骑行时段_综合: large_string
用户等级_综合说明: large_string
客户形态_综合说明: large_string
Traceback (most recent call last):
  File "e:\OneDrive\DataBase\User_characteristics_repo\src\pipeline\run_pipeline.py", line 341, in main
    pipeline_func(target_date=args.date, skip_incomplete=args.skip_incomplete)
    ~~~~~~~~~~~~~^^^^^^^^^^^^^^^^^^^^^^^^^^^^^^^^^^^^^^^^^^^^^^^^^^^^^^^^^^^^^
  File "e:\OneDrive\DataBase\User_characteristics_repo\src\pipeline\run_pipeline.py", line 137, in run_incremental
    process_snapshot_layer(target_dates=new_dates)
    ~~~~~~~~~~~~~~~~~~~~~~^^^^^^^^^^^^^^^^^^^^^^^^
  File "e:\OneDrive\DataBase\User_characteristics_repo\src\pipeline\snapshot_layer.py", line 433, in process_snapshot_layer
    append_to_snapshot(df_snapshot, output_path)
    ~~~~~~~~~~~~~~~~~~^^^^^^^^^^^^^^^^^^^^^^^^^^
  File "e:\OneDrive\DataBase\User_characteristics_repo\src\pipeline\snapshot_layer.py", line 219, in append_to_snapshot
    df = pa.concat_tables([table_old, table_new]).to_pandas()
         ~~~~~~~~~~~~~~~~^^^^^^^^^^^^^^^^^^^^^^^^
  File "pyarrow/table.pxi", line 6268, in pyarrow.lib.concat_tables
  File "pyarrow/error.pxi", line 155, in pyarrow.lib.pyarrow_internal_check_status
  File "pyarrow/error.pxi", line 92, in pyarrow.lib.check_status
    raise convert_status(status)
pyarrow.lib.ArrowInvalid: Schema at index 1 was different: 
统计日期: date32[day]
用户id: string
关联合约数: int64
当日总行驶距离_km: double
当日总骑行时长_h: double
当日总放电时长_h: double
当日总怠速放电时长_h: double
当日平均骑行放电比: double
当日总用电量_kWh: double
当日总骑行次数: int64
当日总换电次数: int64
单合约日均行驶里程_km: double
单合约日均骑行时长_h: double
单合约日均放电时长_h: double
单合约日均怠速放电_h: double
单合约日均用电量_kWh: double
午间高峰长时骑行总次数: int64
晚间高峰长时骑行总次数: int64
平峰长时骑行总次数: int64
夜间长时骑行总次数: int64
午间高峰总里程_km: double
晚间高峰总里程_km: double
平峰总里程_km: double
夜间总里程_km: double
总电流超60A次数: int64
总电流超80A次数: int64
总超100A连续次数: int64
总超100A累计时长_h: double
当日最高速度_kmh: double
当日最大电流_A: double
当日最高温度_℃: double
当日最低SOC: double
最低包月友好分: int64
最大单合约活动半径_km: double
R90活动半径_km: double
最大凸包覆盖面积_km2: double
最大单次出行距离_km: double
当日是否出勤: int64
平均包月友好分: double
当日平均骑行SOC: double
当日平均骑行速度_kmh: double
当日平均骑行电流_A: double
当日百公里电耗_kWh: double
高峰骑行占比: double
SOC低于20%时长占比_当日: double
SOC低于10%时长占比_当日: double
当日平峰换电次数: int64
当日深夜换电次数: int64
当日高峰换电次数: int64
平峰换电占比_当日: double
深夜换电占比_当日: double
取电时平均SOC_当日: double
还电时平均SOC_当日: double
单次换电平均SOC消耗_当日: double
当日P50骑行速度_kmh: double
当日P90骑行速度_kmh: double
当日夜间骑行均速_kmh: double
当日高速骑行点数: int64
最早骑行时刻_h: double
最晚骑行时刻_h: double
核心活动省份: string
核心活动城市: string
核心活动区县: string
风险标签_电流异常: string
客户形态_综合: string
用户等级_综合: string
偏好换电时段_综合: string
主要骑行时段_综合: string
用户等级_综合说明: string
客户形态_综合说明: string
vs
统计日期: date32[day]
用户id: large_string
关联合约数: int64
当日总行驶距离_km: double
当日总骑行时长_h: double
当日总放电时长_h: double
当日总怠速放电时长_h: double
当日平均骑行放电比: double
当日总用电量_kWh: double
当日总骑行次数: int64
当日总换电次数: int64
单合约日均行驶里程_km: double
单合约日均骑行时长_h: double
单合约日均放电时长_h: double
单合约日均怠速放电_h: double
单合约日均用电量_kWh: double
午间高峰长时骑行总次数: int64
晚间高峰长时骑行总次数: int64
平峰长时骑行总次数: int64
夜间长时骑行总次数: int64
午间高峰总里程_km: double
晚间高峰总里程_km: double
平峰总里程_km: double
夜间总里程_km: double
总电流超60A次数: int64
总电流超80A次数: int64
总超100A连续次数: int64
总超100A累计时长_h: double
当日最高速度_kmh: double
当日最大电流_A: double
当日最高温度_℃: double
当日最低SOC: double
最低包月友好分: int64
最大单合约活动半径_km: double
R90活动半径_km: double
最大凸包覆盖面积_km2: double
最大单次出行距离_km: double
当日是否出勤: int64
平均包月友好分: double
当日平均骑行SOC: double
当日平均骑行速度_kmh: double
当日平均骑行电流_A: double
当日百公里电耗_kWh: double
高峰骑行占比: double
SOC低于20%时长占比_当日: double
SOC低于10%时长占比_当日: double
当日平峰换电次数: int64
当日深夜换电次数: int64
当日高峰换电次数: int64
平峰换电占比_当日: double
深夜换电占比_当日: double
取电时平均SOC_当日: double
还电时平均SOC_当日: double
单次换电平均SOC消耗_当日: double
当日P50骑行速度_kmh: double
当日P90骑行速度_kmh: double
当日夜间骑行均速_kmh: double
当日高速骑行点数: int64
最早骑行时刻_h: double
最晚骑行时刻_h: double
核心活动省份: large_string
核心活动城市: large_string
核心活动区县: large_string
风险标签_电流异常: large_string
客户形态_综合: large_string
用户等级_综合: large_string
偏好换电时段_综合: large_string
主要骑行时段_综合: large_string
用户等级_综合说明: large_string
客户形态_综合说明: large_string

🕐 结束时间: 2026-05-23 10:23:54
📋 日志已保存: e:\OneDrive\DataBase\User_characteristics_repo\logs\pipeline_incremental_20260523_102105.log
